
> ai-movie-writer@0.1.0 build
> next build

   ▲ Next.js 15.1.6
   - Environments: .env.local

   Creating an optimized production build ...
Failed to compile.

app/layout.tsx
Module not found: Can't resolve './fonts/GeistMonoVF.woff'

https://nextjs.org/docs/messages/module-not-found

Import trace for requested module:
./app/layout.tsx

app/layout.tsx
Module not found: Can't resolve './fonts/GeistVF.woff'

https://nextjs.org/docs/messages/module-not-found

Import trace for requested module:
./app/layout.tsx


> Build failed because of webpack errors
